// Jest Snapshot v1, https://goo.gl/fbAQLP

exports[`renders 1`] = `
<button
  className="ToggleThemeButton__ToggleThemeButtonComponent-sc-1p7nc9j-0 dBqCnn"
  onClick={[Function]}
>
  <svg
    fill="none"
    height="1em"
    stroke="currentColor"
    strokeLinecap="round"
    strokeLinejoin="round"
    strokeWidth="2"
    style={
      Object {
        "color": undefined,
      }
    }
    viewBox="0 0 24 24"
    width="1em"
    xmlns="http://www.w3.org/2000/svg"
  >
    <path
      d="M3 9l9-7 9 7v11a2 2 0 0 1-2 2H5a2 2 0 0 1-2-2z"
    />
    <polyline
      points="9 22 9 12 15 12 15 22"
    />
  </svg>
</button>
`;
